[bnker.netlify.app/ltr/index.html]
[backblue.gif]
[fade.gif]
[index.html]
[bnker.netlify.app/ltr/images/favicon.png]
[bnker.netlify.app/ltr/css/vendors.css]
[bnker.netlify.app/ltr/css/plugins.css]
[bnker.netlify.app/ltr/css/icons.css]
[bnker.netlify.app/ltr/css/style.css]
[bnker.netlify.app/ltr/images/logo.png]
[bnker.netlify.app/ltr/index-2.html]
[bnker.netlify.app/ltr/index-3.html]
[bnker.netlify.app/ltr/about-us-1.html]
[bnker.netlify.app/ltr/about-us-2.html]
[bnker.netlify.app/ltr/portfolio.html]
[bnker.netlify.app/ltr/portfolio-detail.html]
[bnker.netlify.app/ltr/faq.html]
[bnker.netlify.app/ltr/team.html]
[bnker.netlify.app/ltr/contact.html]
[bnker.netlify.app/ltr/login.html]
[bnker.netlify.app/ltr/signup.html]
[bnker.netlify.app/ltr/recover.html]
[bnker.netlify.app/ltr/pricing.html]
[bnker.netlify.app/ltr/404.html]
[bnker.netlify.app/ltr/coming-soon.html]
[bnker.netlify.app/ltr/loan-calculation.html]
[bnker.netlify.app/ltr/loans.html]
[bnker.netlify.app/ltr/open-account.html]
[bnker.netlify.app/ltr/privacy-policy.html]
[bnker.netlify.app/ltr/testimonials.html]
[bnker.netlify.app/ltr/blog.html]
[bnker.netlify.app/ltr/blog-grid.html]
[bnker.netlify.app/ltr/blog-single-sidebar.html]
[bnker.netlify.app/ltr/blog-single.html]
[bnker.netlify.app/ltr/images/hero/banner-bg.png]
[bnker.netlify.app/ltr/images/hero/hero-1.png]
[bnker.netlify.app/ltr/features-1.21.delayed]
[bnker.netlify.app/ltr/images/bg/about.png]
[bnker.netlify.app/ltr/images/services/001.jpg]
[bnker.netlify.app/ltr/images/services/002.jpg]
[bnker.netlify.app/ltr/images/services/003.jpg]
[bnker.netlify.app/ltr/images/services/004.jpg]
[bnker.netlify.app/ltr/images/services/005.jpg]
[bnker.netlify.app/ltr/images/services/006.jpg]
[bnker.netlify.app/ltr/images/testimonial/03.jpg]
[bnker.netlify.app/ltr/images/testimonial/02.jpg]
[bnker.netlify.app/ltr/images/testimonial/05.jpg]
[bnker.netlify.app/ltr/images/testimonial/04.jpg]
[bnker.netlify.app/ltr/images/testimonial/06.jpg]
[bnker.netlify.app/ltr/images/testimonial/01.jpg]
[bnker.netlify.app/ltr/images/bg/choose-us.png]
[bnker.netlify.app/ltr/images/svg/android.svg]
[bnker.netlify.app/ltr/images/svg/apple.svg]
[bnker.netlify.app/ltr/images/bg/download.png]
[bnker.netlify.app/ltr/images/blog/blog1.jpg]
[bnker.netlify.app/ltr/images/blog/blog2.jpg]
[bnker.netlify.app/ltr/images/blog/blog3.jpg]
[bnker.netlify.app/ltr/images/client-logo/logo-envato.png]
[bnker.netlify.app/ltr/images/client-logo/logo-converkit.png]
[bnker.netlify.app/ltr/images/client-logo/logo-buzzumo.png]
[bnker.netlify.app/ltr/images/client-logo/logo-buffer.png]
[bnker.netlify.app/ltr/images/client-logo/logo-frame.png]
[bnker.netlify.app/ltr/images/client-logo/logo-clearbit.png]
[bnker.netlify.app/ltr/about.3c.delayed]
[bnker.netlify.app/ltr/our-history.3d.delayed]
[bnker.netlify.app/ltr/services-01.3e.delayed]
[bnker.netlify.app/ltr/js/vendors.js]
[bnker.netlify.app/ltr/js/plugins.js]
[bnker.netlify.app/ltr/js/main.js]
[bnker.netlify.app/ltr/index.html]
[bnker.netlify.app/ltr/css/images/ui-icons_444444_256x240.42.delayed]
[bnker.netlify.app/ltr/css/images/ui-icons_555555_256x240.43.delayed]
[bnker.netlify.app/ltr/css/images/ui-icons_ffffff_256x240.44.delayed]
[bnker.netlify.app/ltr/css/images/ui-icons_777620_256x240.45.delayed]
[bnker.netlify.app/ltr/css/images/ui-icons_cc0000_256x240.46.delayed]
[bnker.netlify.app/ltr/css/images/ui-icons_777777_256x240.47.delayed]
[bnker.netlify.app/ltr/css/vendors.css]
[bnker.netlify.app/ltr/css/owl.video.play.48.delayed]
[bnker.netlify.app/ltr/css/plugins.css]
[bnker.netlify.app/ltr/fonts/la-brands-400.eot]
[bnker.netlify.app/ltr/fonts/la-brands-400d41d.eot]
[bnker.netlify.app/ltr/fonts/la-brands-400.woff2]
[bnker.netlify.app/ltr/fonts/la-brands-400.woff]
[bnker.netlify.app/ltr/fonts/la-brands-400.ttf]
[bnker.netlify.app/ltr/fonts/la-brands-400.svg]
[bnker.netlify.app/ltr/fonts/la-regular-400.eot]
[bnker.netlify.app/ltr/fonts/la-regular-400d41d.eot]
[bnker.netlify.app/ltr/fonts/la-regular-400.woff2]
[bnker.netlify.app/ltr/fonts/la-regular-400.woff]
[bnker.netlify.app/ltr/fonts/la-regular-400.ttf]
[bnker.netlify.app/ltr/fonts/la-regular-400.svg]
[bnker.netlify.app/ltr/fonts/la-solid-900.eot]
[bnker.netlify.app/ltr/fonts/la-solid-900d41d.eot]
[bnker.netlify.app/ltr/fonts/la-solid-900.woff2]
[bnker.netlify.app/ltr/fonts/la-solid-900.woff]
[bnker.netlify.app/ltr/fonts/la-solid-900.ttf]
[bnker.netlify.app/ltr/fonts/la-solid-900.svg]
[bnker.netlify.app/ltr/fonts/remixicondf6d.eot]
[bnker.netlify.app/ltr/fonts/remixicondf6d.woff2]
[bnker.netlify.app/ltr/fonts/remixicondf6d.woff]
[bnker.netlify.app/ltr/fonts/remixicondf6d.ttf]
[bnker.netlify.app/ltr/css/icons.css]
[bnker.netlify.app/ltr/fonts/remixicondf6d.svg]
[unicons.iconscout.com/release/v3.0.3/css/line.css]
[bnker.netlify.app/ltr/images/hero/hero-2.png]
[bnker.netlify.app/ltr/images/bg/about-2.png]
[bnker.netlify.app/ltr/images/bg/login-bg.jpg]
[bnker.netlify.app/ltr/images/bg/overlay.png]
[bnker.netlify.app/ltr/images/bg/coming-soon-bg-1.png]
[bnker.netlify.app/ltr/css/style.css]
[bnker.netlify.app/ltr/images/services/01.png]
[bnker.netlify.app/ltr/images/services/02.png]
[bnker.netlify.app/ltr/images/services/03.png]
[bnker.netlify.app/ltr/images/services/04.png]
[bnker.netlify.app/ltr/images/services/05.png]
[bnker.netlify.app/ltr/images/services/06.png]
[bnker.netlify.app/ltr/images/team/team-1.png]
[bnker.netlify.app/ltr/images/team/team-2.png]
[bnker.netlify.app/ltr/images/team/team-3.png]
[bnker.netlify.app/ltr/images/team/team-4.png]
[bnker.netlify.app/ltr/images/team/team-5.png]
[bnker.netlify.app/ltr/images/team/team-6.png]
[bnker.netlify.app/ltr/index-2.html]
[bnker.netlify.app/ltr/images/logo-black.png]
[bnker.netlify.app/ltr/images/hero/banner-4.png]
[bnker.netlify.app/ltr/images/hero/sh4-bn.png]
[bnker.netlify.app/ltr/index-3.html]
[bnker.netlify.app/ltr/images/bg/2.png]
[bnker.netlify.app/ltr/about-us-1.html]
[bnker.netlify.app/ltr/about-us-2.html]
[bnker.netlify.app/ltr/images/bg/7.png]
[bnker.netlify.app/ltr/images/folio/1.jpg]
[bnker.netlify.app/ltr/images/folio/2.jpg]
[bnker.netlify.app/ltr/images/folio/3.jpg]
[bnker.netlify.app/ltr/images/folio/4.jpg]
[bnker.netlify.app/ltr/images/folio/6.jpg]
[bnker.netlify.app/ltr/images/folio/5.jpg]
[bnker.netlify.app/ltr/images/folio/7.jpg]
[bnker.netlify.app/ltr/images/folio/8.jpg]
[bnker.netlify.app/ltr/images/folio/9.jpg]
[bnker.netlify.app/ltr/portfolio.html]
[bnker.netlify.app/ltr/images/folio/10.jpg]
[bnker.netlify.app/ltr/images/folio/11.jpg]
[bnker.netlify.app/ltr/images/folio/12.jpg]
[bnker.netlify.app/ltr/portfolio-detail.html]
[bnker.netlify.app/ltr/images/bg/1.png]
[bnker.netlify.app/ltr/faq.html]
[bnker.netlify.app/ltr/images/bg/team.png]
[bnker.netlify.app/ltr/team.html]
[bnker.netlify.app/ltr/images/bg/4.png]
[bnker.netlify.app/ltr/contact.html]
[bnker.netlify.app/ltr/login.html]
[bnker.netlify.app/ltr/signup.html]
[bnker.netlify.app/ltr/recover.html]
[bnker.netlify.app/ltr/images/bg/8.png]
[bnker.netlify.app/ltr/pricing.html]
[bnker.netlify.app/ltr/images/bg/404.png]
[bnker.netlify.app/ltr/404.html]
[bnker.netlify.app/ltr/images/logo-white.png]
[bnker.netlify.app/ltr/coming-soon.html]
[bnker.netlify.app/ltr/images/bg/5.png]
[bnker.netlify.app/ltr/loan-calculation.html]
[bnker.netlify.app/ltr/images/bg/6.png]
[bnker.netlify.app/ltr/loans.html]
[bnker.netlify.app/ltr/open-account.html]
[bnker.netlify.app/ltr/images/bg/9.png]
[bnker.netlify.app/ltr/privacy-policy.html]
[bnker.netlify.app/ltr/images/bg/10.png]
[bnker.netlify.app/ltr/testimonials.html]
[bnker.netlify.app/ltr/images/bg/3.png]
[bnker.netlify.app/ltr/images/blog/st1.jpg]
[bnker.netlify.app/ltr/images/blog/st2.jpg]
[bnker.netlify.app/ltr/images/blog/st3.jpg]
[bnker.netlify.app/ltr/images/blog/st4.jpg]
[bnker.netlify.app/ltr/images/blog/01.jpg]
[bnker.netlify.app/ltr/images/blog/02.jpg]
[bnker.netlify.app/ltr/images/blog/03.jpg]
[bnker.netlify.app/ltr/blog.html]
[bnker.netlify.app/ltr/images/blog/blog4.jpg]
[bnker.netlify.app/ltr/images/blog/blog5.jpg]
[bnker.netlify.app/ltr/images/blog/blog6.jpg]
[bnker.netlify.app/ltr/images/blog/blog7.jpg]
[bnker.netlify.app/ltr/images/blog/blog8.jpg]
[bnker.netlify.app/ltr/images/blog/blog9.jpg]
[bnker.netlify.app/ltr/blog-grid.html]
[bnker.netlify.app/ltr/images/blog/single.jpg]
[bnker.netlify.app/ltr/img/blog/details/author.9c.delayed]
[bnker.netlify.app/ltr/images/blog/comments1.png]
[bnker.netlify.app/ltr/images/blog/comments2.png]
[bnker.netlify.app/ltr/images/blog/author.png]
[bnker.netlify.app/ltr/blog-single-sidebar.html]
[bnker.netlify.app/ltr/blog-single.html]
[bnker.netlify.app/ltr/features-1.html]
[bnker.netlify.app/ltr/images/svg/android.svg]
[bnker.netlify.app/ltr/images/svg/apple.svg]
[bnker.netlify.app/ltr/about.html]
[bnker.netlify.app/ltr/our-history.html]
[bnker.netlify.app/ltr/services-01.html]
[bnker.netlify.app/ltr/css/images/ui-icons_444444_256x240.html]
[bnker.netlify.app/ltr/css/images/ui-icons_555555_256x240.html]
[bnker.netlify.app/ltr/css/images/ui-icons_ffffff_256x240.html]
[bnker.netlify.app/ltr/css/images/ui-icons_777620_256x240.html]
[bnker.netlify.app/ltr/css/images/ui-icons_cc0000_256x240.html]
[bnker.netlify.app/ltr/css/images/ui-icons_777777_256x240.html]
[bnker.netlify.app/ltr/css/owl.video.play.html]
[bnker.netlify.app/ltr/fonts/la-brands-400.svg]
[bnker.netlify.app/ltr/fonts/la-regular-400.svg]
[bnker.netlify.app/ltr/fonts/la-solid-900.svg]
[bnker.netlify.app/ltr/fonts/remixicondf6d.svg]
[unicons.iconscout.com/release/v3.0.3/css/line.css]
[bnker.netlify.app/ltr/img/blog/details/author.html]
